2025-04-24 07:23:56,572 - AnimePilgrimageUpdater - INFO - Starting daily anime pilgrimage updater
2025-04-24 07:23:56,572 - AnimePilgrimageUpdater - INFO - Running extract_apiid.py to refresh apiid.json
2025-04-24 07:23:56,785 - AnimePilgrimageUpdater - INFO - Successfully refreshed apiid.json
2025-04-24 07:23:58,696 - AnimePilgrimageUpdater - INFO - Testing anime list retrieval before running full scraper
2025-04-24 07:26:08,492 - AnimePilgrimageUpdater - INFO - Successfully retrieved 33 anime in test run
2025-04-24 07:26:08,492 - AnimePilgrimageUpdater - INFO - Test anime 1: ウィッチウォッチ
2025-04-24 07:26:08,493 - AnimePilgrimageUpdater - INFO - Test anime 2: ウマ娘 シンデレラグレイ
2025-04-24 07:26:08,493 - AnimePilgrimageUpdater - INFO - Test anime 3: 東京リベンジャーズ 天竺編
2025-04-24 07:26:08,493 - AnimePilgrimageUpdater - INFO - Test anime 4: ツルネ -風舞高校弓道部-
2025-04-24 07:26:08,493 - AnimePilgrimageUpdater - INFO - Test anime 5: 小市民シリーズ 2期
2025-04-24 07:36:27,933 - AnimePilgrimageUpdater - INFO - Daily update completed successfully
2025-04-24 12:54:35,419 - AnimePilgrimageUpdater - INFO - Starting daily anime pilgrimage updater
2025-04-24 12:54:35,420 - AnimePilgrimageUpdater - INFO - Running extract_apiid.py to refresh apiid.json
2025-04-24 12:54:35,647 - AnimePilgrimageUpdater - INFO - Successfully refreshed apiid.json
2025-04-24 12:54:36,125 - AnimePilgrimageUpdater - INFO - Testing anime list retrieval before running full scraper
2025-04-24 12:56:45,699 - AnimePilgrimageUpdater - INFO - Successfully retrieved 32 anime in test run
2025-04-24 12:56:45,700 - AnimePilgrimageUpdater - INFO - Test anime 1: ウィッチウォッチ
2025-04-24 12:56:45,700 - AnimePilgrimageUpdater - INFO - Test anime 2: ウマ娘 シンデレラグレイ
2025-04-24 12:56:45,700 - AnimePilgrimageUpdater - INFO - Test anime 3: 東京リベンジャーズ 天竺編
2025-04-24 12:56:45,700 - AnimePilgrimageUpdater - INFO - Test anime 4: ツルネ -風舞高校弓道部-
2025-04-24 12:56:45,700 - AnimePilgrimageUpdater - INFO - Test anime 5: 小市民シリーズ 2期
2025-04-24 13:18:41,124 - AnimePilgrimageUpdater - INFO - Daily update completed successfully
2025-04-27 12:49:04,676 - AnimePilgrimageUpdater - INFO - Starting daily anime pilgrimage updater
2025-04-27 12:49:04,676 - AnimePilgrimageUpdater - INFO - Running extract_apiid.py to refresh apiid.json
2025-04-27 12:49:04,887 - AnimePilgrimageUpdater - INFO - Successfully refreshed apiid.json
2025-04-27 12:49:07,541 - AnimePilgrimageUpdater - INFO - Testing anime list retrieval before running full scraper
2025-04-27 12:51:47,344 - AnimePilgrimageUpdater - INFO - Successfully retrieved 90 anime in test run
2025-04-27 12:51:47,344 - AnimePilgrimageUpdater - INFO - Test anime 1: デジモンアドベンチャー tri. 第1章「再会」
2025-04-27 12:51:47,345 - AnimePilgrimageUpdater - INFO - Test anime 2: ふらいんぐうぃっち
2025-04-27 12:51:47,345 - AnimePilgrimageUpdater - INFO - Test anime 3: 宇宙よりも遠い場所
2025-04-27 12:51:47,345 - AnimePilgrimageUpdater - INFO - Test anime 4: 小市民シリーズ 2期
2025-04-27 12:51:47,345 - AnimePilgrimageUpdater - INFO - Test anime 5: ラブライブ! スーパースター!!
2025-04-27 13:12:17,147 - AnimePilgrimageUpdater - INFO - Daily update completed successfully with new data
2025-05-04 12:50:15,534 - AnimePilgrimageUpdater - INFO - Starting daily anime pilgrimage updater
2025-05-04 12:50:15,534 - AnimePilgrimageUpdater - INFO - Running extract_apiid.py to refresh apiid.json
2025-05-04 12:50:15,786 - AnimePilgrimageUpdater - INFO - Successfully refreshed apiid.json
2025-05-04 12:50:17,161 - AnimePilgrimageUpdater - INFO - Testing anime list retrieval before running full scraper
2025-05-04 12:52:56,027 - AnimePilgrimageUpdater - INFO - Successfully retrieved 90 anime in test run
2025-05-04 12:52:56,027 - AnimePilgrimageUpdater - INFO - Test anime 1: ウマ娘 シンデレラグレイ
2025-05-04 12:52:56,027 - AnimePilgrimageUpdater - INFO - Test anime 2: デジモンアドベンチャー LAST EVOLUTION 絆
2025-05-04 12:52:56,027 - AnimePilgrimageUpdater - INFO - Test anime 3: 小市民シリーズ 2期
2025-05-04 12:52:56,027 - AnimePilgrimageUpdater - INFO - Test anime 4: らき☆すた
2025-05-04 12:52:56,027 - AnimePilgrimageUpdater - INFO - Test anime 5: はじめの一歩 Rising
2025-05-04 13:12:57,518 - AnimePilgrimageUpdater - INFO - Daily update completed successfully with new data
2025-05-05 07:36:54,538 - AnimePilgrimageUpdater - INFO - Starting daily anime pilgrimage updater
2025-05-05 07:36:54,538 - AnimePilgrimageUpdater - INFO - Running extract_apiid.py to refresh apiid.json
2025-05-05 07:36:54,753 - AnimePilgrimageUpdater - INFO - Successfully refreshed apiid.json
2025-05-05 07:36:56,072 - AnimePilgrimageUpdater - INFO - Testing anime list retrieval before running full scraper
2025-05-05 07:39:35,786 - AnimePilgrimageUpdater - INFO - Successfully retrieved 90 anime in test run
2025-05-05 07:39:35,786 - AnimePilgrimageUpdater - INFO - Test anime 1: ウマ娘 シンデレラグレイ
2025-05-05 07:39:35,786 - AnimePilgrimageUpdater - INFO - Test anime 2: 真･侍伝 YAIBA
2025-05-05 07:39:35,786 - AnimePilgrimageUpdater - INFO - Test anime 3: デジモンアドベンチャー LAST EVOLUTION 絆
2025-05-05 07:39:35,786 - AnimePilgrimageUpdater - INFO - Test anime 4: 小市民シリーズ 2期
2025-05-05 07:39:35,787 - AnimePilgrimageUpdater - INFO - Test anime 5: らき☆すた
2025-05-05 08:16:19,023 - AnimePilgrimageUpdater - INFO - Daily update completed successfully with detailed data
2025-05-05 08:28:59,792 - AnimePilgrimageUpdater - INFO - Starting daily anime pilgrimage updater
2025-05-05 08:28:59,792 - AnimePilgrimageUpdater - INFO - Running extract_apiid.py to refresh apiid.json
2025-05-05 08:29:00,005 - AnimePilgrimageUpdater - INFO - Successfully refreshed apiid.json
2025-05-05 08:29:00,899 - AnimePilgrimageUpdater - INFO - Testing anime list retrieval before running full scraper
2025-05-05 08:31:40,699 - AnimePilgrimageUpdater - INFO - Successfully retrieved 90 anime in test run
2025-05-05 08:31:40,699 - AnimePilgrimageUpdater - INFO - Test anime 1: ウマ娘 シンデレラグレイ
2025-05-05 08:31:40,700 - AnimePilgrimageUpdater - INFO - Test anime 2: 真･侍伝 YAIBA
2025-05-05 08:31:40,700 - AnimePilgrimageUpdater - INFO - Test anime 3: デジモンアドベンチャー LAST EVOLUTION 絆
2025-05-05 08:31:40,700 - AnimePilgrimageUpdater - INFO - Test anime 4: 小市民シリーズ 2期
2025-05-05 08:31:40,700 - AnimePilgrimageUpdater - INFO - Test anime 5: らき☆すた
2025-05-05 09:06:52,750 - AnimePilgrimageUpdater - INFO - Daily update completed successfully but no new data found
2025-05-05 12:54:47,384 - AnimePilgrimageUpdater - INFO - Starting daily anime pilgrimage updater
2025-05-05 12:54:47,385 - AnimePilgrimageUpdater - INFO - Running extract_apiid.py to refresh apiid.json
2025-05-05 12:54:47,598 - AnimePilgrimageUpdater - INFO - Successfully refreshed apiid.json
2025-05-05 12:54:49,185 - AnimePilgrimageUpdater - INFO - Testing anime list retrieval before running full scraper
2025-05-05 12:57:27,974 - AnimePilgrimageUpdater - INFO - Successfully retrieved 90 anime in test run
2025-05-05 12:57:27,975 - AnimePilgrimageUpdater - INFO - Test anime 1: 前橋ウィッチーズ
2025-05-05 12:57:27,975 - AnimePilgrimageUpdater - INFO - Test anime 2: ウマ娘 シンデレラグレイ
2025-05-05 12:57:27,975 - AnimePilgrimageUpdater - INFO - Test anime 3: 真･侍伝 YAIBA
2025-05-05 12:57:27,975 - AnimePilgrimageUpdater - INFO - Test anime 4: デジモンアドベンチャー LAST EVOLUTION 絆
2025-05-05 12:57:27,975 - AnimePilgrimageUpdater - INFO - Test anime 5: 小市民シリーズ 2期
2025-05-05 13:32:43,597 - AnimePilgrimageUpdater - INFO - Daily update completed successfully but no new data found
2025-05-07 12:59:51,211 - AnimePilgrimageUpdater - INFO - Starting daily anime pilgrimage updater
2025-05-07 12:59:51,211 - AnimePilgrimageUpdater - INFO - Running extract_apiid.py to refresh apiid.json
2025-05-07 12:59:51,429 - AnimePilgrimageUpdater - INFO - Successfully refreshed apiid.json
2025-05-07 12:59:53,463 - AnimePilgrimageUpdater - INFO - Testing anime list retrieval before running full scraper
2025-05-07 13:02:32,941 - AnimePilgrimageUpdater - INFO - Successfully retrieved 88 anime in test run
2025-05-07 13:02:32,941 - AnimePilgrimageUpdater - INFO - Test anime 1: 前橋ウィッチーズ
2025-05-07 13:02:32,941 - AnimePilgrimageUpdater - INFO - Test anime 2: ウマ娘 シンデレラグレイ
2025-05-07 13:02:32,941 - AnimePilgrimageUpdater - INFO - Test anime 3: 真･侍伝 YAIBA
2025-05-07 13:02:32,941 - AnimePilgrimageUpdater - INFO - Test anime 4: デジモンアドベンチャー LAST EVOLUTION 絆
2025-05-07 13:02:32,941 - AnimePilgrimageUpdater - INFO - Test anime 5: 小市民シリーズ 2期
2025-05-07 13:38:06,481 - AnimePilgrimageUpdater - INFO - Daily update completed successfully but no new data found
2025-05-08 12:55:20,104 - AnimePilgrimageUpdater - INFO - Starting daily anime pilgrimage updater
2025-05-08 12:55:20,104 - AnimePilgrimageUpdater - INFO - Running extract_apiid.py to refresh apiid.json
2025-05-08 12:55:20,322 - AnimePilgrimageUpdater - INFO - Successfully refreshed apiid.json
2025-05-08 12:55:20,797 - AnimePilgrimageUpdater - INFO - Testing anime list retrieval before running full scraper
2025-05-08 12:57:30,723 - AnimePilgrimageUpdater - INFO - Successfully retrieved 33 anime in test run
2025-05-08 12:57:30,723 - AnimePilgrimageUpdater - INFO - Test anime 1: 前橋ウィッチーズ
2025-05-08 12:57:30,723 - AnimePilgrimageUpdater - INFO - Test anime 2: ウマ娘 シンデレラグレイ
2025-05-08 12:57:30,723 - AnimePilgrimageUpdater - INFO - Test anime 3: 真･侍伝 YAIBA
2025-05-08 12:57:30,723 - AnimePilgrimageUpdater - INFO - Test anime 4: デジモンアドベンチャー LAST EVOLUTION 絆
2025-05-08 12:57:30,723 - AnimePilgrimageUpdater - INFO - Test anime 5: 小市民シリーズ 2期
2025-05-08 13:12:09,952 - AnimePilgrimageUpdater - INFO - Daily update completed successfully but no new data found
2025-05-09 12:53:06,970 - AnimePilgrimageUpdater - INFO - Starting daily anime pilgrimage updater
2025-05-09 12:53:06,970 - AnimePilgrimageUpdater - INFO - Running extract_apiid.py to refresh apiid.json
2025-05-09 12:53:07,185 - AnimePilgrimageUpdater - INFO - Successfully refreshed apiid.json
2025-05-09 12:53:07,663 - AnimePilgrimageUpdater - INFO - Testing anime list retrieval before running full scraper
2025-05-09 12:55:17,696 - AnimePilgrimageUpdater - INFO - Successfully retrieved 33 anime in test run
2025-05-09 12:55:17,696 - AnimePilgrimageUpdater - INFO - Test anime 1: 前橋ウィッチーズ
2025-05-09 12:55:17,696 - AnimePilgrimageUpdater - INFO - Test anime 2: ウマ娘 シンデレラグレイ
2025-05-09 12:55:17,696 - AnimePilgrimageUpdater - INFO - Test anime 3: 真･侍伝 YAIBA
2025-05-09 12:55:17,696 - AnimePilgrimageUpdater - INFO - Test anime 4: デジモンアドベンチャー LAST EVOLUTION 絆
2025-05-09 12:55:17,697 - AnimePilgrimageUpdater - INFO - Test anime 5: 小市民シリーズ 2期
2025-05-09 13:10:00,010 - AnimePilgrimageUpdater - INFO - Daily update completed successfully but no new data found
2025-05-10 12:51:59,002 - AnimePilgrimageUpdater - INFO - Starting daily anime pilgrimage updater
2025-05-10 12:51:59,002 - AnimePilgrimageUpdater - INFO - Running extract_apiid.py to refresh apiid.json
2025-05-10 12:51:59,219 - AnimePilgrimageUpdater - INFO - Successfully refreshed apiid.json
2025-05-10 12:52:01,549 - AnimePilgrimageUpdater - INFO - Testing anime list retrieval before running full scraper
2025-05-10 12:54:12,016 - AnimePilgrimageUpdater - INFO - Successfully retrieved 32 anime in test run
2025-05-10 12:54:12,017 - AnimePilgrimageUpdater - INFO - Test anime 1: 前橋ウィッチーズ
2025-05-10 12:54:12,017 - AnimePilgrimageUpdater - INFO - Test anime 2: ウマ娘 シンデレラグレイ
2025-05-10 12:54:12,017 - AnimePilgrimageUpdater - INFO - Test anime 3: 真･侍伝 YAIBA
2025-05-10 12:54:12,017 - AnimePilgrimageUpdater - INFO - Test anime 4: デジモンアドベンチャー LAST EVOLUTION 絆
2025-05-10 12:54:12,017 - AnimePilgrimageUpdater - INFO - Test anime 5: 小市民シリーズ 2期
2025-05-10 13:08:54,885 - AnimePilgrimageUpdater - INFO - Daily update completed successfully but no new data found
2025-05-11 12:49:38,776 - AnimePilgrimageUpdater - INFO - Starting daily anime pilgrimage updater
2025-05-11 12:49:38,776 - AnimePilgrimageUpdater - INFO - Running extract_apiid.py to refresh apiid.json
2025-05-11 12:49:38,993 - AnimePilgrimageUpdater - INFO - Successfully refreshed apiid.json
2025-05-11 12:49:40,462 - AnimePilgrimageUpdater - INFO - Testing anime list retrieval before running full scraper
2025-05-11 12:52:20,192 - AnimePilgrimageUpdater - INFO - Successfully retrieved 90 anime in test run
2025-05-11 12:52:20,192 - AnimePilgrimageUpdater - INFO - Test anime 1: ゆるゆり♪♪
2025-05-11 12:52:20,192 - AnimePilgrimageUpdater - INFO - Test anime 2: ゆるゆり
2025-05-11 12:52:20,192 - AnimePilgrimageUpdater - INFO - Test anime 3: 青春ブタ野郎はランドセルガールの夢を見ない
2025-05-11 12:52:20,192 - AnimePilgrimageUpdater - INFO - Test anime 4: 真･侍伝 YAIBA
2025-05-11 12:52:20,192 - AnimePilgrimageUpdater - INFO - Test anime 5: 小市民シリーズ 2期
2025-05-11 13:26:00,367 - AnimePilgrimageUpdater - INFO - Daily update completed successfully with detailed data
2025-05-12 12:56:44,390 - AnimePilgrimageUpdater - INFO - Starting daily anime pilgrimage updater
2025-05-12 12:56:44,390 - AnimePilgrimageUpdater - INFO - Running extract_apiid.py to refresh apiid.json
2025-05-12 12:56:44,609 - AnimePilgrimageUpdater - INFO - Successfully refreshed apiid.json
2025-05-12 12:56:45,107 - AnimePilgrimageUpdater - INFO - Testing anime list retrieval before running full scraper
2025-05-12 12:59:28,011 - AnimePilgrimageUpdater - INFO - Successfully retrieved 89 anime in test run
2025-05-12 12:59:28,011 - AnimePilgrimageUpdater - INFO - Test anime 1: ゆるゆり♪♪
2025-05-12 12:59:28,011 - AnimePilgrimageUpdater - INFO - Test anime 2: ゆるゆり
2025-05-12 12:59:28,011 - AnimePilgrimageUpdater - INFO - Test anime 3: 青春ブタ野郎はランドセルガールの夢を見ない
2025-05-12 12:59:28,011 - AnimePilgrimageUpdater - INFO - Test anime 4: 真･侍伝 YAIBA
2025-05-12 12:59:28,011 - AnimePilgrimageUpdater - INFO - Test anime 5: 小市民シリーズ 2期
2025-05-12 13:33:16,454 - AnimePilgrimageUpdater - INFO - Daily update completed successfully but no new data found
2025-05-13 12:56:55,231 - AnimePilgrimageUpdater - INFO - Starting daily anime pilgrimage updater
2025-05-13 12:56:55,231 - AnimePilgrimageUpdater - INFO - Running extract_apiid.py to refresh apiid.json
2025-05-13 12:56:55,445 - AnimePilgrimageUpdater - INFO - Successfully refreshed apiid.json
2025-05-13 12:56:55,933 - AnimePilgrimageUpdater - INFO - Testing anime list retrieval before running full scraper
2025-05-13 12:59:28,527 - AnimePilgrimageUpdater - INFO - Successfully retrieved 90 anime in test run
2025-05-13 12:59:28,527 - AnimePilgrimageUpdater - INFO - Test anime 1: 前橋ウィッチーズ
2025-05-13 12:59:28,527 - AnimePilgrimageUpdater - INFO - Test anime 2: ゆるゆり なちゅやちゅみ！＋
2025-05-13 12:59:28,527 - AnimePilgrimageUpdater - INFO - Test anime 3: ゆるゆり なちゅやちゅみ！
2025-05-13 12:59:28,528 - AnimePilgrimageUpdater - INFO - Test anime 4: ゆるゆり さん☆ハイ！
2025-05-13 12:59:28,528 - AnimePilgrimageUpdater - INFO - Test anime 5: Summer Pockets
2025-05-13 13:32:57,785 - AnimePilgrimageUpdater - INFO - Daily update completed successfully with detailed data
2025-05-14 12:55:14,311 - AnimePilgrimageUpdater - INFO - Starting daily anime pilgrimage updater
2025-05-14 12:55:14,312 - AnimePilgrimageUpdater - INFO - Running extract_apiid.py to refresh apiid.json
2025-05-14 12:55:14,655 - AnimePilgrimageUpdater - INFO - Successfully refreshed apiid.json
2025-05-14 12:55:27,826 - AnimePilgrimageUpdater - INFO - Testing anime list retrieval before running full scraper
2025-05-14 12:58:08,049 - AnimePilgrimageUpdater - INFO - Successfully retrieved 90 anime in test run
2025-05-14 12:58:08,049 - AnimePilgrimageUpdater - INFO - Test anime 1: 前橋ウィッチーズ
2025-05-14 12:58:08,049 - AnimePilgrimageUpdater - INFO - Test anime 2: ゆるゆり なちゅやちゅみ！＋
2025-05-14 12:58:08,049 - AnimePilgrimageUpdater - INFO - Test anime 3: ゆるゆり なちゅやちゅみ！
2025-05-14 12:58:08,049 - AnimePilgrimageUpdater - INFO - Test anime 4: ゆるゆり さん☆ハイ！
2025-05-14 12:58:08,049 - AnimePilgrimageUpdater - INFO - Test anime 5: Summer Pockets
2025-05-14 13:31:49,449 - AnimePilgrimageUpdater - INFO - Daily update completed successfully but no new data found
2025-05-15 12:56:15,687 - AnimePilgrimageUpdater - INFO - Starting daily anime pilgrimage updater
2025-05-15 12:56:15,687 - AnimePilgrimageUpdater - INFO - Running extract_apiid.py to refresh apiid.json
2025-05-15 12:56:15,903 - AnimePilgrimageUpdater - INFO - Successfully refreshed apiid.json
2025-05-15 12:56:19,195 - AnimePilgrimageUpdater - INFO - Testing anime list retrieval before running full scraper
2025-05-15 12:59:02,904 - AnimePilgrimageUpdater - INFO - Successfully retrieved 90 anime in test run
2025-05-15 12:59:02,904 - AnimePilgrimageUpdater - INFO - Test anime 1: 前橋ウィッチーズ
2025-05-15 12:59:02,904 - AnimePilgrimageUpdater - INFO - Test anime 2: ゆるゆり なちゅやちゅみ！＋
2025-05-15 12:59:02,904 - AnimePilgrimageUpdater - INFO - Test anime 3: ゆるゆり なちゅやちゅみ！
2025-05-15 12:59:02,904 - AnimePilgrimageUpdater - INFO - Test anime 4: ゆるゆり さん☆ハイ！
2025-05-15 12:59:02,904 - AnimePilgrimageUpdater - INFO - Test anime 5: Summer Pockets
2025-05-15 13:33:01,544 - AnimePilgrimageUpdater - INFO - Daily update completed successfully but no new data found
2025-05-16 12:54:56,171 - AnimePilgrimageUpdater - INFO - Starting daily anime pilgrimage updater
2025-05-16 12:54:56,171 - AnimePilgrimageUpdater - INFO - Running extract_apiid.py to refresh apiid.json
2025-05-16 12:54:56,382 - AnimePilgrimageUpdater - INFO - Successfully refreshed apiid.json
2025-05-16 12:54:57,394 - AnimePilgrimageUpdater - INFO - Testing anime list retrieval before running full scraper
2025-05-16 12:57:37,237 - AnimePilgrimageUpdater - INFO - Successfully retrieved 90 anime in test run
2025-05-16 12:57:37,237 - AnimePilgrimageUpdater - INFO - Test anime 1: 前橋ウィッチーズ
2025-05-16 12:57:37,237 - AnimePilgrimageUpdater - INFO - Test anime 2: ゆるゆり なちゅやちゅみ！＋
2025-05-16 12:57:37,237 - AnimePilgrimageUpdater - INFO - Test anime 3: ゆるゆり なちゅやちゅみ！
2025-05-16 12:57:37,237 - AnimePilgrimageUpdater - INFO - Test anime 4: ゆるゆり さん☆ハイ！
2025-05-16 12:57:37,237 - AnimePilgrimageUpdater - INFO - Test anime 5: Summer Pockets
2025-05-16 13:31:10,200 - AnimePilgrimageUpdater - INFO - Daily update completed successfully but no new data found
2025-05-17 12:51:12,829 - AnimePilgrimageUpdater - INFO - Starting daily anime pilgrimage updater
2025-05-17 12:51:12,829 - AnimePilgrimageUpdater - INFO - Running extract_apiid.py to refresh apiid.json
2025-05-17 12:51:13,043 - AnimePilgrimageUpdater - INFO - Successfully refreshed apiid.json
2025-05-17 12:51:15,197 - AnimePilgrimageUpdater - INFO - Testing anime list retrieval before running full scraper
2025-05-17 12:53:54,796 - AnimePilgrimageUpdater - INFO - Successfully retrieved 90 anime in test run
2025-05-17 12:53:54,796 - AnimePilgrimageUpdater - INFO - Test anime 1: 前橋ウィッチーズ
2025-05-17 12:53:54,796 - AnimePilgrimageUpdater - INFO - Test anime 2: ゆるゆり なちゅやちゅみ！＋
2025-05-17 12:53:54,796 - AnimePilgrimageUpdater - INFO - Test anime 3: ゆるゆり なちゅやちゅみ！
2025-05-17 12:53:54,796 - AnimePilgrimageUpdater - INFO - Test anime 4: ゆるゆり さん☆ハイ！
2025-05-17 12:53:54,796 - AnimePilgrimageUpdater - INFO - Test anime 5: Summer Pockets
2025-05-17 13:27:40,922 - AnimePilgrimageUpdater - INFO - Daily update completed successfully but no new data found
2025-05-18 12:51:06,344 - AnimePilgrimageUpdater - INFO - Starting daily anime pilgrimage updater
2025-05-18 12:51:06,345 - AnimePilgrimageUpdater - INFO - Running extract_apiid.py to refresh apiid.json
2025-05-18 12:51:06,559 - AnimePilgrimageUpdater - INFO - Successfully refreshed apiid.json
2025-05-18 12:51:07,714 - AnimePilgrimageUpdater - INFO - Testing anime list retrieval before running full scraper
2025-05-18 12:53:46,775 - AnimePilgrimageUpdater - INFO - Successfully retrieved 90 anime in test run
2025-05-18 12:53:46,775 - AnimePilgrimageUpdater - INFO - Test anime 1: 前橋ウィッチーズ
2025-05-18 12:53:46,775 - AnimePilgrimageUpdater - INFO - Test anime 2: ゆるゆり なちゅやちゅみ！＋
2025-05-18 12:53:46,775 - AnimePilgrimageUpdater - INFO - Test anime 3: ゆるゆり なちゅやちゅみ！
2025-05-18 12:53:46,775 - AnimePilgrimageUpdater - INFO - Test anime 4: ゆるゆり さん☆ハイ！
2025-05-18 12:53:46,775 - AnimePilgrimageUpdater - INFO - Test anime 5: Summer Pockets
2025-05-18 13:27:59,036 - AnimePilgrimageUpdater - INFO - Daily update completed successfully but no new data found
2025-05-19 12:57:01,545 - AnimePilgrimageUpdater - INFO - Starting daily anime pilgrimage updater
2025-05-19 12:57:01,545 - AnimePilgrimageUpdater - INFO - Running extract_apiid.py to refresh apiid.json
2025-05-19 12:57:01,832 - AnimePilgrimageUpdater - INFO - Successfully refreshed apiid.json
2025-05-19 12:57:03,169 - AnimePilgrimageUpdater - INFO - Testing anime list retrieval before running full scraper
2025-05-19 12:59:42,214 - AnimePilgrimageUpdater - INFO - Successfully retrieved 90 anime in test run
2025-05-19 12:59:42,214 - AnimePilgrimageUpdater - INFO - Test anime 1: 前橋ウィッチーズ
2025-05-19 12:59:42,214 - AnimePilgrimageUpdater - INFO - Test anime 2: ゆるゆり なちゅやちゅみ！＋
2025-05-19 12:59:42,214 - AnimePilgrimageUpdater - INFO - Test anime 3: ゆるゆり なちゅやちゅみ！
2025-05-19 12:59:42,214 - AnimePilgrimageUpdater - INFO - Test anime 4: ゆるゆり さん☆ハイ！
2025-05-19 12:59:42,214 - AnimePilgrimageUpdater - INFO - Test anime 5: Summer Pockets
2025-05-19 13:33:11,594 - AnimePilgrimageUpdater - INFO - Daily update completed successfully but no new data found
2025-05-20 12:56:53,479 - AnimePilgrimageUpdater - INFO - Starting daily anime pilgrimage updater
2025-05-20 12:56:53,480 - AnimePilgrimageUpdater - INFO - Running extract_apiid.py to refresh apiid.json
2025-05-20 12:56:53,693 - AnimePilgrimageUpdater - INFO - Successfully refreshed apiid.json
2025-05-20 12:56:55,643 - AnimePilgrimageUpdater - INFO - Testing anime list retrieval before running full scraper
2025-05-20 12:59:35,254 - AnimePilgrimageUpdater - INFO - Successfully retrieved 90 anime in test run
2025-05-20 12:59:35,254 - AnimePilgrimageUpdater - INFO - Test anime 1: 前橋ウィッチーズ
2025-05-20 12:59:35,254 - AnimePilgrimageUpdater - INFO - Test anime 2: ゆるゆり なちゅやちゅみ！＋
2025-05-20 12:59:35,254 - AnimePilgrimageUpdater - INFO - Test anime 3: ゆるゆり なちゅやちゅみ！
2025-05-20 12:59:35,254 - AnimePilgrimageUpdater - INFO - Test anime 4: ゆるゆり さん☆ハイ！
2025-05-20 12:59:35,254 - AnimePilgrimageUpdater - INFO - Test anime 5: Summer Pockets
2025-05-20 13:33:21,829 - AnimePilgrimageUpdater - INFO - Daily update completed successfully but no new data found
2025-05-21 12:56:33,419 - AnimePilgrimageUpdater - INFO - Starting daily anime pilgrimage updater
2025-05-21 12:56:33,419 - AnimePilgrimageUpdater - INFO - Running extract_apiid.py to refresh apiid.json
2025-05-21 12:56:33,633 - AnimePilgrimageUpdater - INFO - Successfully refreshed apiid.json
2025-05-21 12:56:35,144 - AnimePilgrimageUpdater - INFO - Testing anime list retrieval before running full scraper
2025-05-21 12:59:14,259 - AnimePilgrimageUpdater - INFO - Successfully retrieved 90 anime in test run
2025-05-21 12:59:14,259 - AnimePilgrimageUpdater - INFO - Test anime 1: 前橋ウィッチーズ
2025-05-21 12:59:14,259 - AnimePilgrimageUpdater - INFO - Test anime 2: ゆるゆり なちゅやちゅみ！＋
2025-05-21 12:59:14,259 - AnimePilgrimageUpdater - INFO - Test anime 3: ゆるゆり なちゅやちゅみ！
2025-05-21 12:59:14,259 - AnimePilgrimageUpdater - INFO - Test anime 4: ゆるゆり さん☆ハイ！
2025-05-21 12:59:14,259 - AnimePilgrimageUpdater - INFO - Test anime 5: Summer Pockets
2025-05-21 13:32:51,606 - AnimePilgrimageUpdater - INFO - Daily update completed successfully but no new data found
2025-05-22 12:56:23,572 - AnimePilgrimageUpdater - INFO - Starting daily anime pilgrimage updater
2025-05-22 12:56:23,572 - AnimePilgrimageUpdater - INFO - Running extract_apiid.py to refresh apiid.json
2025-05-22 12:56:23,786 - AnimePilgrimageUpdater - INFO - Successfully refreshed apiid.json
2025-05-22 12:56:24,305 - AnimePilgrimageUpdater - INFO - Testing anime list retrieval before running full scraper
2025-05-22 12:59:03,142 - AnimePilgrimageUpdater - INFO - Successfully retrieved 90 anime in test run
2025-05-22 12:59:03,142 - AnimePilgrimageUpdater - INFO - Test anime 1: 前橋ウィッチーズ
2025-05-22 12:59:03,142 - AnimePilgrimageUpdater - INFO - Test anime 2: ゆるゆり なちゅやちゅみ！＋
2025-05-22 12:59:03,142 - AnimePilgrimageUpdater - INFO - Test anime 3: ゆるゆり なちゅやちゅみ！
2025-05-22 12:59:03,142 - AnimePilgrimageUpdater - INFO - Test anime 4: ゆるゆり さん☆ハイ！
2025-05-22 12:59:03,142 - AnimePilgrimageUpdater - INFO - Test anime 5: Summer Pockets
2025-05-22 13:32:52,605 - AnimePilgrimageUpdater - INFO - Daily update completed successfully but no new data found
2025-05-23 12:55:15,236 - AnimePilgrimageUpdater - INFO - Starting daily anime pilgrimage updater
2025-05-23 12:55:15,237 - AnimePilgrimageUpdater - INFO - Running extract_apiid.py to refresh apiid.json
2025-05-23 12:55:15,458 - AnimePilgrimageUpdater - INFO - Successfully refreshed apiid.json
2025-05-23 12:55:16,548 - AnimePilgrimageUpdater - INFO - Testing anime list retrieval before running full scraper
2025-05-23 12:57:55,622 - AnimePilgrimageUpdater - INFO - Successfully retrieved 90 anime in test run
2025-05-23 12:57:55,623 - AnimePilgrimageUpdater - INFO - Test anime 1: 前橋ウィッチーズ
2025-05-23 12:57:55,623 - AnimePilgrimageUpdater - INFO - Test anime 2: ゆるゆり なちゅやちゅみ！＋
2025-05-23 12:57:55,623 - AnimePilgrimageUpdater - INFO - Test anime 3: ゆるゆり なちゅやちゅみ！
2025-05-23 12:57:55,623 - AnimePilgrimageUpdater - INFO - Test anime 4: ゆるゆり さん☆ハイ！
2025-05-23 12:57:55,623 - AnimePilgrimageUpdater - INFO - Test anime 5: Summer Pockets
2025-05-23 13:32:03,214 - AnimePilgrimageUpdater - INFO - Daily update completed successfully but no new data found
2025-05-24 12:53:20,077 - AnimePilgrimageUpdater - INFO - Starting daily anime pilgrimage updater
2025-05-24 12:53:20,078 - AnimePilgrimageUpdater - INFO - Running extract_apiid.py to refresh apiid.json
2025-05-24 12:53:20,294 - AnimePilgrimageUpdater - INFO - Successfully refreshed apiid.json
2025-05-24 12:53:23,913 - AnimePilgrimageUpdater - INFO - Testing anime list retrieval before running full scraper
2025-05-24 12:56:03,937 - AnimePilgrimageUpdater - INFO - Successfully retrieved 90 anime in test run
2025-05-24 12:56:03,937 - AnimePilgrimageUpdater - INFO - Test anime 1: 前橋ウィッチーズ
2025-05-24 12:56:03,937 - AnimePilgrimageUpdater - INFO - Test anime 2: ゆるゆり なちゅやちゅみ！＋
2025-05-24 12:56:03,937 - AnimePilgrimageUpdater - INFO - Test anime 3: ゆるゆり なちゅやちゅみ！
2025-05-24 12:56:03,937 - AnimePilgrimageUpdater - INFO - Test anime 4: ゆるゆり さん☆ハイ！
2025-05-24 12:56:03,937 - AnimePilgrimageUpdater - INFO - Test anime 5: Summer Pockets
2025-05-24 13:30:00,606 - AnimePilgrimageUpdater - INFO - Daily update completed successfully but no new data found
2025-05-25 12:50:52,862 - AnimePilgrimageUpdater - INFO - Starting daily anime pilgrimage updater
2025-05-25 12:50:52,862 - AnimePilgrimageUpdater - INFO - Running extract_apiid.py to refresh apiid.json
2025-05-25 12:50:53,085 - AnimePilgrimageUpdater - INFO - Successfully refreshed apiid.json
2025-05-25 12:50:55,225 - AnimePilgrimageUpdater - INFO - Testing anime list retrieval before running full scraper
2025-05-25 12:53:34,586 - AnimePilgrimageUpdater - INFO - Successfully retrieved 90 anime in test run
2025-05-25 12:53:34,586 - AnimePilgrimageUpdater - INFO - Test anime 1: 小市民シリーズ 2期
2025-05-25 12:53:34,586 - AnimePilgrimageUpdater - INFO - Test anime 2: ウマ娘 シンデレラグレイ
2025-05-25 12:53:34,587 - AnimePilgrimageUpdater - INFO - Test anime 3: 前橋ウィッチーズ
2025-05-25 12:53:34,587 - AnimePilgrimageUpdater - INFO - Test anime 4: ゆるゆり なちゅやちゅみ！＋
2025-05-25 12:53:34,587 - AnimePilgrimageUpdater - INFO - Test anime 5: ゆるゆり なちゅやちゅみ！
2025-05-25 13:26:54,567 - AnimePilgrimageUpdater - INFO - Daily update completed successfully but no new data found
2025-05-26 12:54:07,593 - AnimePilgrimageUpdater - INFO - Starting daily anime pilgrimage updater
2025-05-26 12:54:07,593 - AnimePilgrimageUpdater - INFO - Running extract_apiid.py to refresh apiid.json
2025-05-26 12:54:07,809 - AnimePilgrimageUpdater - INFO - Successfully refreshed apiid.json
2025-05-26 12:54:08,338 - AnimePilgrimageUpdater - INFO - Testing anime list retrieval before running full scraper
2025-05-26 12:56:47,525 - AnimePilgrimageUpdater - INFO - Successfully retrieved 90 anime in test run
2025-05-26 12:56:47,525 - AnimePilgrimageUpdater - INFO - Test anime 1: 小市民シリーズ 2期
2025-05-26 12:56:47,525 - AnimePilgrimageUpdater - INFO - Test anime 2: ウマ娘 シンデレラグレイ
2025-05-26 12:56:47,525 - AnimePilgrimageUpdater - INFO - Test anime 3: 前橋ウィッチーズ
2025-05-26 12:56:47,525 - AnimePilgrimageUpdater - INFO - Test anime 4: ゆるゆり なちゅやちゅみ！＋
2025-05-26 12:56:47,525 - AnimePilgrimageUpdater - INFO - Test anime 5: ゆるゆり なちゅやちゅみ！
2025-05-26 13:30:49,259 - AnimePilgrimageUpdater - INFO - Daily update completed successfully but no new data found
2025-05-27 12:56:44,213 - AnimePilgrimageUpdater - INFO - Starting daily anime pilgrimage updater
2025-05-27 12:56:44,213 - AnimePilgrimageUpdater - INFO - Running extract_apiid.py to refresh apiid.json
2025-05-27 12:56:44,428 - AnimePilgrimageUpdater - INFO - Successfully refreshed apiid.json
2025-05-27 12:56:44,925 - AnimePilgrimageUpdater - INFO - Testing anime list retrieval before running full scraper
2025-05-27 12:59:23,855 - AnimePilgrimageUpdater - INFO - Successfully retrieved 88 anime in test run
2025-05-27 12:59:23,855 - AnimePilgrimageUpdater - INFO - Test anime 1: 小市民シリーズ 2期
2025-05-27 12:59:23,855 - AnimePilgrimageUpdater - INFO - Test anime 2: ウマ娘 シンデレラグレイ
2025-05-27 12:59:23,855 - AnimePilgrimageUpdater - INFO - Test anime 3: 前橋ウィッチーズ
2025-05-27 12:59:23,855 - AnimePilgrimageUpdater - INFO - Test anime 4: ゆるゆり なちゅやちゅみ！＋
2025-05-27 12:59:23,855 - AnimePilgrimageUpdater - INFO - Test anime 5: ゆるゆり なちゅやちゅみ！
2025-05-27 13:31:58,716 - AnimePilgrimageUpdater - INFO - Daily update completed successfully but no new data found
2025-05-28 12:57:34,080 - AnimePilgrimageUpdater - INFO - Starting daily anime pilgrimage updater
2025-05-28 12:57:34,081 - AnimePilgrimageUpdater - INFO - Running extract_apiid.py to refresh apiid.json
2025-05-28 12:57:34,299 - AnimePilgrimageUpdater - INFO - Successfully refreshed apiid.json
2025-05-28 12:57:35,486 - AnimePilgrimageUpdater - INFO - Testing anime list retrieval before running full scraper
2025-05-28 12:59:45,519 - AnimePilgrimageUpdater - INFO - Successfully retrieved 33 anime in test run
2025-05-28 12:59:45,519 - AnimePilgrimageUpdater - INFO - Test anime 1: 小市民シリーズ 2期
2025-05-28 12:59:45,519 - AnimePilgrimageUpdater - INFO - Test anime 2: ウマ娘 シンデレラグレイ
2025-05-28 12:59:45,519 - AnimePilgrimageUpdater - INFO - Test anime 3: 前橋ウィッチーズ
2025-05-28 12:59:45,519 - AnimePilgrimageUpdater - INFO - Test anime 4: ゆるゆり なちゅやちゅみ！＋
2025-05-28 12:59:45,519 - AnimePilgrimageUpdater - INFO - Test anime 5: ゆるゆり なちゅやちゅみ！
2025-05-28 13:13:42,058 - AnimePilgrimageUpdater - INFO - Daily update completed successfully but no new data found
2025-05-29 12:55:17,617 - AnimePilgrimageUpdater - INFO - Starting daily anime pilgrimage updater
2025-05-29 12:55:17,617 - AnimePilgrimageUpdater - INFO - Running extract_apiid.py to refresh apiid.json
2025-05-29 12:55:17,840 - AnimePilgrimageUpdater - INFO - Successfully refreshed apiid.json
2025-05-29 12:55:20,220 - AnimePilgrimageUpdater - INFO - Testing anime list retrieval before running full scraper
2025-05-29 12:57:30,570 - AnimePilgrimageUpdater - INFO - Successfully retrieved 33 anime in test run
2025-05-29 12:57:30,570 - AnimePilgrimageUpdater - INFO - Test anime 1: 小市民シリーズ 2期
2025-05-29 12:57:30,570 - AnimePilgrimageUpdater - INFO - Test anime 2: ウマ娘 シンデレラグレイ
2025-05-29 12:57:30,570 - AnimePilgrimageUpdater - INFO - Test anime 3: 前橋ウィッチーズ
2025-05-29 12:57:30,570 - AnimePilgrimageUpdater - INFO - Test anime 4: ゆるゆり なちゅやちゅみ！＋
2025-05-29 12:57:30,570 - AnimePilgrimageUpdater - INFO - Test anime 5: ゆるゆり なちゅやちゅみ！
2025-05-29 13:11:27,198 - AnimePilgrimageUpdater - INFO - Daily update completed successfully but no new data found
2025-05-30 12:57:25,569 - AnimePilgrimageUpdater - INFO - Starting daily anime pilgrimage updater
2025-05-30 12:57:25,569 - AnimePilgrimageUpdater - INFO - Running extract_apiid.py to refresh apiid.json
2025-05-30 12:57:25,782 - AnimePilgrimageUpdater - INFO - Successfully refreshed apiid.json
2025-05-30 12:57:28,336 - AnimePilgrimageUpdater - INFO - Testing anime list retrieval before running full scraper
2025-05-30 13:00:07,896 - AnimePilgrimageUpdater - INFO - Successfully retrieved 90 anime in test run
2025-05-30 13:00:07,896 - AnimePilgrimageUpdater - INFO - Test anime 1: 前橋ウィッチーズ
2025-05-30 13:00:07,896 - AnimePilgrimageUpdater - INFO - Test anime 2: mono
2025-05-30 13:00:07,896 - AnimePilgrimageUpdater - INFO - Test anime 3: 真･侍伝 YAIBA
2025-05-30 13:00:07,896 - AnimePilgrimageUpdater - INFO - Test anime 4: 劇場版 のんのんびより ばけーしょん
2025-05-30 13:00:07,896 - AnimePilgrimageUpdater - INFO - Test anime 5: アポカリプスホテル
2025-05-30 13:32:59,645 - AnimePilgrimageUpdater - INFO - Daily update completed successfully with detailed data
2025-05-31 12:52:05,671 - AnimePilgrimageUpdater - INFO - Starting daily anime pilgrimage updater
2025-05-31 12:52:05,671 - AnimePilgrimageUpdater - INFO - Running extract_apiid.py to refresh apiid.json
2025-05-31 12:52:05,883 - AnimePilgrimageUpdater - INFO - Successfully refreshed apiid.json
2025-05-31 12:52:07,024 - AnimePilgrimageUpdater - INFO - Testing anime list retrieval before running full scraper
2025-05-31 12:54:46,204 - AnimePilgrimageUpdater - INFO - Successfully retrieved 90 anime in test run
2025-05-31 12:54:46,204 - AnimePilgrimageUpdater - INFO - Test anime 1: 前橋ウィッチーズ
2025-05-31 12:54:46,204 - AnimePilgrimageUpdater - INFO - Test anime 2: mono
2025-05-31 12:54:46,204 - AnimePilgrimageUpdater - INFO - Test anime 3: 真･侍伝 YAIBA
2025-05-31 12:54:46,204 - AnimePilgrimageUpdater - INFO - Test anime 4: 劇場版 のんのんびより ばけーしょん
2025-05-31 12:54:46,204 - AnimePilgrimageUpdater - INFO - Test anime 5: アポカリプスホテル
2025-05-31 13:28:00,943 - AnimePilgrimageUpdater - INFO - Daily update completed successfully but no new data found
2025-06-01 12:52:13,740 - AnimePilgrimageUpdater - INFO - Starting daily anime pilgrimage updater
2025-06-01 12:52:13,740 - AnimePilgrimageUpdater - INFO - Running extract_apiid.py to refresh apiid.json
2025-06-01 12:52:13,957 - AnimePilgrimageUpdater - INFO - Successfully refreshed apiid.json
2025-06-01 12:52:14,443 - AnimePilgrimageUpdater - INFO - Testing anime list retrieval before running full scraper
2025-06-01 12:54:53,887 - AnimePilgrimageUpdater - INFO - Successfully retrieved 90 anime in test run
2025-06-01 12:54:53,888 - AnimePilgrimageUpdater - INFO - Test anime 1: ウィッチウォッチ
2025-06-01 12:54:53,888 - AnimePilgrimageUpdater - INFO - Test anime 2: 小市民シリーズ 2期
2025-06-01 12:54:53,888 - AnimePilgrimageUpdater - INFO - Test anime 3: ウマ娘 シンデレラグレイ
2025-06-01 12:54:53,888 - AnimePilgrimageUpdater - INFO - Test anime 4: mono
2025-06-01 12:54:53,888 - AnimePilgrimageUpdater - INFO - Test anime 5: 前橋ウィッチーズ
2025-06-01 13:27:48,138 - AnimePilgrimageUpdater - INFO - Daily update completed successfully but no new data found
2025-06-02 12:57:11,847 - AnimePilgrimageUpdater - INFO - Starting daily anime pilgrimage updater
2025-06-02 12:57:11,847 - AnimePilgrimageUpdater - INFO - Running extract_apiid.py to refresh apiid.json
2025-06-02 12:57:12,066 - AnimePilgrimageUpdater - INFO - Successfully refreshed apiid.json
2025-06-02 12:57:13,926 - AnimePilgrimageUpdater - INFO - Testing anime list retrieval before running full scraper
2025-06-02 12:59:53,163 - AnimePilgrimageUpdater - INFO - Successfully retrieved 90 anime in test run
2025-06-02 12:59:53,163 - AnimePilgrimageUpdater - INFO - Test anime 1: ウィッチウォッチ
2025-06-02 12:59:53,163 - AnimePilgrimageUpdater - INFO - Test anime 2: 小市民シリーズ 2期
2025-06-02 12:59:53,163 - AnimePilgrimageUpdater - INFO - Test anime 3: ウマ娘 シンデレラグレイ
2025-06-02 12:59:53,163 - AnimePilgrimageUpdater - INFO - Test anime 4: mono
2025-06-02 12:59:53,164 - AnimePilgrimageUpdater - INFO - Test anime 5: 前橋ウィッチーズ
2025-06-02 13:32:50,864 - AnimePilgrimageUpdater - INFO - Daily update completed successfully but no new data found
2025-06-03 12:57:39,209 - AnimePilgrimageUpdater - INFO - Starting daily anime pilgrimage updater
2025-06-03 12:57:39,209 - AnimePilgrimageUpdater - INFO - Running extract_apiid.py to refresh apiid.json
2025-06-03 12:57:39,425 - AnimePilgrimageUpdater - INFO - Successfully refreshed apiid.json
2025-06-03 12:57:41,413 - AnimePilgrimageUpdater - INFO - Testing anime list retrieval before running full scraper
2025-06-03 13:00:20,926 - AnimePilgrimageUpdater - INFO - Successfully retrieved 90 anime in test run
2025-06-03 13:00:20,926 - AnimePilgrimageUpdater - INFO - Test anime 1: ウィッチウォッチ
2025-06-03 13:00:20,926 - AnimePilgrimageUpdater - INFO - Test anime 2: 小市民シリーズ 2期
2025-06-03 13:00:20,926 - AnimePilgrimageUpdater - INFO - Test anime 3: ウマ娘 シンデレラグレイ
2025-06-03 13:00:20,926 - AnimePilgrimageUpdater - INFO - Test anime 4: mono
2025-06-03 13:00:20,927 - AnimePilgrimageUpdater - INFO - Test anime 5: 前橋ウィッチーズ
2025-06-03 13:33:43,349 - AnimePilgrimageUpdater - INFO - Daily update completed successfully but no new data found
